2026-09-19 21:52:55 | INFO | 9001__copyparty__ccdace__6a0aaa | ====================task id: 9001__copyparty__ccdace__6a0aaa====================
2026-09-19 21:52:55 | INFO | 9001__copyparty__ccdace__6a0aaa | Task metadata:
{'task_id': '9001__copyparty__ccdace__6a0aaa', 'repo_name': '9001/copyparty', 'url': 'https://github.com/9001/copyparty.git', 'licence': 'MIT License', 'current_sha': 'ccdacea0c4d86de79ec42a998b55354334fd4b44', 'target_sha': '6a0aaaf0690a283f7d29777622573705b0b0b8b1', 'test_gap': '10', 'image_sha': '994a34c95b4af675977bc0f3ff9a46a83fe4efffc317d2b39585f6da7b4c4893', 'code_sha': '48189eb1abcdcc8564ba72f0d413ec907bd8f96c4fc97dd53c926b15ed9e049b'}
2026-09-19 21:52:55 | INFO | 9001__copyparty__ccdace__6a0aaa | Data source: data/9001__copyparty__ccdace__6a0aaa
2026-09-19 21:52:55 | INFO | 9001__copyparty__ccdace__6a0aaa | Task directory: experiments/foresight_t1-5/9001__copyparty__ccdace__6a0aaa
2026-09-19 21:52:55 | INFO | 9001__copyparty__ccdace__6a0aaa | (0/5) Initializing task directory...
2026-09-19 21:53:31 | INFO | 9001__copyparty__ccdace__6a0aaa | (1/5) ✅ Extracted the 'current' and 'target' directories.
2026-09-19 21:53:55 | INFO | 9001__copyparty__ccdace__6a0aaa | (2/5) ✅ Ran pytest in directory 'current'.
2026-09-19 21:54:29 | INFO | 9001__copyparty__ccdace__6a0aaa | (3/5) ✅ Ran pytest in directory 'target'.
2026-09-19 21:54:29 | INFO | 9001__copyparty__ccdace__6a0aaa | (4/5) ✅ Generated directory 'nonpassed'.
2026-09-19 21:54:29 | INFO | 9001__copyparty__ccdace__6a0aaa | (5/5) ✅ Updated iteration file.
2026-09-19 21:54:29 | INFO | 9001__copyparty__ccdace__6a0aaa | ✅ Initialization Finish.
2026-09-19 22:47:55 | INFO | 9001__copyparty__ccdace__6a0aaa | Evolve progress: 0 / 5
2026-09-19 22:48:05 | INFO | 9001__copyparty__ccdace__6a0aaa | ====================Epoch 1====================
2026-09-19 22:48:05 | INFO | 9001__copyparty__ccdace__6a0aaa | (1/7) ✅ Cleaned up temporary files.
2026-09-19 22:48:35 | INFO | 9001__copyparty__ccdace__6a0aaa | (2/7) (Attempt 1/3) ✅ The architect agent has generated the requirements.
2026-09-19 22:49:09 | INFO | 9001__copyparty__ccdace__6a0aaa | (3/7) (Attempt 1/3) ✅ The programmer agent has modified the code.
2026-09-19 22:49:31 | INFO | 9001__copyparty__ccdace__6a0aaa | (4/7) ✅ Ran pytest in programmer modified code. returncode=1, has_report=True
2026-09-19 22:49:32 | INFO | 9001__copyparty__ccdace__6a0aaa | (5/7) ✅ Generated directory 'nonpassed'.
2026-09-19 22:49:32 | INFO | 9001__copyparty__ccdace__6a0aaa | (6/7) ✅ Archived directory 'current', and rename directory 'tmp' to 'current'.
2026-09-19 22:49:32 | INFO | 9001__copyparty__ccdace__6a0aaa | (7/7) ✅ Updated ineration file.
2026-09-19 22:49:32 | INFO | 9001__copyparty__ccdace__6a0aaa | ====================Epoch 2====================
2026-09-19 22:49:32 | INFO | 9001__copyparty__ccdace__6a0aaa | (1/7) ✅ Cleaned up temporary files.
2026-09-19 22:50:03 | INFO | 9001__copyparty__ccdace__6a0aaa | (2/7) (Attempt 1/3) ✅ The architect agent has generated the requirements.
2026-09-19 22:51:02 | INFO | 9001__copyparty__ccdace__6a0aaa | (3/7) (Attempt 1/3) ✅ The programmer agent has modified the code.
2026-09-19 22:51:23 | INFO | 9001__copyparty__ccdace__6a0aaa | (4/7) ✅ Ran pytest in programmer modified code. returncode=1, has_report=True
2026-09-19 22:51:23 | INFO | 9001__copyparty__ccdace__6a0aaa | (5/7) ✅ Generated directory 'nonpassed'.
2026-09-19 22:51:24 | INFO | 9001__copyparty__ccdace__6a0aaa | (6/7) ✅ Archived directory 'current', and rename directory 'tmp' to 'current'.
2026-09-19 22:51:24 | INFO | 9001__copyparty__ccdace__6a0aaa | (7/7) ✅ Updated ineration file.
2026-09-19 22:51:24 | INFO | 9001__copyparty__ccdace__6a0aaa | ====================Epoch 3====================
2026-09-19 22:51:24 | INFO | 9001__copyparty__ccdace__6a0aaa | (1/7) ✅ Cleaned up temporary files.
2026-09-19 22:51:56 | INFO | 9001__copyparty__ccdace__6a0aaa | (2/7) (Attempt 1/3) ✅ The architect agent has generated the requirements.
2026-09-19 22:52:27 | INFO | 9001__copyparty__ccdace__6a0aaa | (3/7) (Attempt 1/3) ✅ The programmer agent has modified the code.
2026-09-19 22:52:50 | INFO | 9001__copyparty__ccdace__6a0aaa | (4/7) ✅ Ran pytest in programmer modified code. returncode=1, has_report=True
2026-09-19 22:52:51 | INFO | 9001__copyparty__ccdace__6a0aaa | (5/7) ✅ Generated directory 'nonpassed'.
2026-09-19 22:52:51 | INFO | 9001__copyparty__ccdace__6a0aaa | (6/7) ✅ Archived directory 'current', and rename directory 'tmp' to 'current'.
2026-09-19 22:52:51 | INFO | 9001__copyparty__ccdace__6a0aaa | (7/7) ✅ Updated ineration file.
2026-09-19 22:52:51 | INFO | 9001__copyparty__ccdace__6a0aaa | ====================Epoch 4====================
2026-09-19 22:52:51 | INFO | 9001__copyparty__ccdace__6a0aaa | (1/7) ✅ Cleaned up temporary files.
2026-09-19 22:53:22 | INFO | 9001__copyparty__ccdace__6a0aaa | (2/7) (Attempt 1/3) ✅ The architect agent has generated the requirements.
2026-09-19 22:54:25 | INFO | 9001__copyparty__ccdace__6a0aaa | (3/7) (Attempt 1/3) ✅ The programmer agent has modified the code.
2026-09-19 22:54:46 | INFO | 9001__copyparty__ccdace__6a0aaa | (4/7) ✅ Ran pytest in programmer modified code. returncode=1, has_report=True
2026-09-19 22:54:47 | INFO | 9001__copyparty__ccdace__6a0aaa | (5/7) ✅ Generated directory 'nonpassed'.
2026-09-19 22:54:48 | INFO | 9001__copyparty__ccdace__6a0aaa | (6/7) ✅ Archived directory 'current', and rename directory 'tmp' to 'current'.
2026-09-19 22:54:48 | INFO | 9001__copyparty__ccdace__6a0aaa | (7/7) ✅ Updated ineration file.
2026-09-19 22:54:48 | INFO | 9001__copyparty__ccdace__6a0aaa | ====================Epoch 5====================
2026-09-19 22:54:48 | INFO | 9001__copyparty__ccdace__6a0aaa | (1/7) ✅ Cleaned up temporary files.
2026-09-19 22:55:18 | INFO | 9001__copyparty__ccdace__6a0aaa | (2/7) (Attempt 1/3) ✅ The architect agent has generated the requirements.
2026-09-19 22:56:29 | INFO | 9001__copyparty__ccdace__6a0aaa | (3/7) (Attempt 1/3) ✅ The programmer agent has modified the code.
2026-09-19 22:56:51 | INFO | 9001__copyparty__ccdace__6a0aaa | (4/7) ✅ Ran pytest in programmer modified code. returncode=1, has_report=True
2026-09-19 22:56:51 | INFO | 9001__copyparty__ccdace__6a0aaa | (5/7) ✅ Generated directory 'nonpassed'.
2026-09-19 22:56:51 | INFO | 9001__copyparty__ccdace__6a0aaa | (6/7) ✅ Archived directory 'current', and rename directory 'tmp' to 'current'.
2026-09-19 22:56:52 | INFO | 9001__copyparty__ccdace__6a0aaa | (7/7) ✅ Updated ineration file.
2026-09-19 22:56:52 | INFO | 9001__copyparty__ccdace__6a0aaa | Reached the exit condition. Archived directory 'current'.
