2026-09-19 19:47:20 | INFO | 9001__copyparty__8c52b8__a96d9a | ====================task id: 9001__copyparty__8c52b8__a96d9a====================
2026-09-19 19:47:20 | INFO | 9001__copyparty__8c52b8__a96d9a | Task metadata:
{'task_id': '9001__copyparty__8c52b8__a96d9a', 'repo_name': '9001/copyparty', 'url': 'https://github.com/9001/copyparty.git', 'licence': 'MIT License', 'current_sha': '8c52b887672f3153e31e78db4ab9e24c3081db74', 'target_sha': 'a96d9ac6cb168e77a9cee6523d02d4fea3c563bf', 'test_gap': '7', 'image_sha': 'fcbb328dec5d674b9f89ea61811d3c07332b63975620c8f3bfaffa1405138ca2', 'code_sha': '48189eb1abcdcc8564ba72f0d413ec907bd8f96c4fc97dd53c926b15ed9e049b'}
2026-09-19 19:47:20 | INFO | 9001__copyparty__8c52b8__a96d9a | Data source: data/9001__copyparty__8c52b8__a96d9a
2026-09-19 19:47:20 | INFO | 9001__copyparty__8c52b8__a96d9a | Task directory: experiments/control_t1-5/9001__copyparty__8c52b8__a96d9a
2026-09-19 19:47:20 | INFO | 9001__copyparty__8c52b8__a96d9a | (0/5) Initializing task directory...
2026-09-19 19:47:52 | INFO | 9001__copyparty__8c52b8__a96d9a | (1/5) ✅ Extracted the 'current' and 'target' directories.
2026-09-19 19:48:58 | INFO | 9001__copyparty__8c52b8__a96d9a | (2/5) ✅ Ran pytest in directory 'current'.
2026-09-19 19:49:15 | INFO | 9001__copyparty__8c52b8__a96d9a | (3/5) ✅ Ran pytest in directory 'target'.
2026-09-19 19:49:15 | INFO | 9001__copyparty__8c52b8__a96d9a | (4/5) ✅ Generated directory 'nonpassed'.
2026-09-19 19:49:15 | INFO | 9001__copyparty__8c52b8__a96d9a | (5/5) ✅ Updated iteration file.
2026-09-19 19:49:15 | INFO | 9001__copyparty__8c52b8__a96d9a | ✅ Initialization Finish.
2026-09-19 20:34:05 | INFO | 9001__copyparty__8c52b8__a96d9a | Evolve progress: 0 / 5
2026-09-19 20:34:16 | INFO | 9001__copyparty__8c52b8__a96d9a | ====================Epoch 1====================
2026-09-19 20:34:16 | INFO | 9001__copyparty__8c52b8__a96d9a | (1/7) ✅ Cleaned up temporary files.
2026-09-19 20:34:37 | INFO | 9001__copyparty__8c52b8__a96d9a | (2/7) (Attempt 1/3) ✅ The architect agent has generated the requirements.
2026-09-19 20:35:37 | INFO | 9001__copyparty__8c52b8__a96d9a | (3/7) (Attempt 1/3) ✅ The programmer agent has modified the code.
2026-09-19 20:35:44 | INFO | 9001__copyparty__8c52b8__a96d9a | (4/7) ✅ Ran pytest in programmer modified code. returncode=1, has_report=True
2026-09-19 20:35:44 | INFO | 9001__copyparty__8c52b8__a96d9a | (5/7) ✅ Generated directory 'nonpassed'.
2026-09-19 20:35:44 | INFO | 9001__copyparty__8c52b8__a96d9a | (6/7) ✅ Archived directory 'current', and rename directory 'tmp' to 'current'.
2026-09-19 20:35:44 | INFO | 9001__copyparty__8c52b8__a96d9a | (7/7) ✅ Updated ineration file.
2026-09-19 20:35:44 | INFO | 9001__copyparty__8c52b8__a96d9a | ====================Epoch 2====================
2026-09-19 20:35:44 | INFO | 9001__copyparty__8c52b8__a96d9a | (1/7) ✅ Cleaned up temporary files.
2026-09-19 20:36:05 | INFO | 9001__copyparty__8c52b8__a96d9a | (2/7) (Attempt 1/3) ✅ The architect agent has generated the requirements.
2026-09-19 20:36:22 | INFO | 9001__copyparty__8c52b8__a96d9a | (3/7) (Attempt 1/3) ✅ The programmer agent has modified the code.
2026-09-19 20:36:29 | INFO | 9001__copyparty__8c52b8__a96d9a | (4/7) ✅ Ran pytest in programmer modified code. returncode=1, has_report=True
2026-09-19 20:36:29 | INFO | 9001__copyparty__8c52b8__a96d9a | (5/7) ✅ Generated directory 'nonpassed'.
2026-09-19 20:36:30 | INFO | 9001__copyparty__8c52b8__a96d9a | (6/7) ✅ Archived directory 'current', and rename directory 'tmp' to 'current'.
2026-09-19 20:36:30 | INFO | 9001__copyparty__8c52b8__a96d9a | (7/7) ✅ Updated ineration file.
2026-09-19 20:36:30 | INFO | 9001__copyparty__8c52b8__a96d9a | ====================Epoch 3====================
2026-09-19 20:36:30 | INFO | 9001__copyparty__8c52b8__a96d9a | (1/7) ✅ Cleaned up temporary files.
2026-09-19 20:36:49 | INFO | 9001__copyparty__8c52b8__a96d9a | (2/7) (Attempt 1/3) ✅ The architect agent has generated the requirements.
2026-09-19 20:37:35 | INFO | 9001__copyparty__8c52b8__a96d9a | (3/7) (Attempt 1/3) ✅ The programmer agent has modified the code.
2026-09-19 20:37:41 | INFO | 9001__copyparty__8c52b8__a96d9a | (4/7) ✅ Ran pytest in programmer modified code. returncode=1, has_report=True
2026-09-19 20:37:42 | INFO | 9001__copyparty__8c52b8__a96d9a | (5/7) ✅ Generated directory 'nonpassed'.
2026-09-19 20:37:42 | INFO | 9001__copyparty__8c52b8__a96d9a | (6/7) ✅ Archived directory 'current', and rename directory 'tmp' to 'current'.
2026-09-19 20:37:42 | INFO | 9001__copyparty__8c52b8__a96d9a | (7/7) ✅ Updated ineration file.
2026-09-19 20:37:42 | INFO | 9001__copyparty__8c52b8__a96d9a | ====================Epoch 4====================
2026-09-19 20:37:42 | INFO | 9001__copyparty__8c52b8__a96d9a | (1/7) ✅ Cleaned up temporary files.
2026-09-19 20:38:06 | INFO | 9001__copyparty__8c52b8__a96d9a | (2/7) (Attempt 1/3) ✅ The architect agent has generated the requirements.
2026-09-19 20:40:00 | INFO | 9001__copyparty__8c52b8__a96d9a | (3/7) (Attempt 1/3) ✅ The programmer agent has modified the code.
2026-09-19 20:40:07 | INFO | 9001__copyparty__8c52b8__a96d9a | (4/7) ✅ Ran pytest in programmer modified code. returncode=1, has_report=True
2026-09-19 20:40:07 | INFO | 9001__copyparty__8c52b8__a96d9a | (5/7) ✅ Generated directory 'nonpassed'.
2026-09-19 20:40:08 | INFO | 9001__copyparty__8c52b8__a96d9a | (6/7) ✅ Archived directory 'current', and rename directory 'tmp' to 'current'.
2026-09-19 20:40:08 | INFO | 9001__copyparty__8c52b8__a96d9a | (7/7) ✅ Updated ineration file.
2026-09-19 20:40:08 | INFO | 9001__copyparty__8c52b8__a96d9a | ====================Epoch 5====================
2026-09-19 20:40:08 | INFO | 9001__copyparty__8c52b8__a96d9a | (1/7) ✅ Cleaned up temporary files.
2026-09-19 20:40:33 | ERROR | 9001__copyparty__8c52b8__a96d9a | (2/7) (Attempt 1/3) ⚠️ Error occurred when calling architect agent: FileNotFoundError('File not found: /app/requirement.xml')
Traceback (most recent call last):
  File "/Volumes/LACIE SHARE/University/NLP/SWE-CI/src/swe_ci/benchmark/run.py", line 108, in _run_locked
    copy_file_from_container(container_name, "/app/requirement.xml", current_dir)
  File "/Volumes/LACIE SHARE/University/NLP/SWE-CI/src/swe_ci/benchmark/utils/docker.py", line 221, in copy_file_from_container
    raise FileNotFoundError(f"File not found: {str(src_file)}")
FileNotFoundError: File not found: /app/requirement.xml
2026-09-19 20:41:02 | INFO | 9001__copyparty__8c52b8__a96d9a | (2/7) (Attempt 2/3) ✅ The architect agent has generated the requirements.
2026-09-19 20:41:34 | INFO | 9001__copyparty__8c52b8__a96d9a | (3/7) (Attempt 1/3) ✅ The programmer agent has modified the code.
2026-09-19 20:41:41 | INFO | 9001__copyparty__8c52b8__a96d9a | (4/7) ✅ Ran pytest in programmer modified code. returncode=1, has_report=True
2026-09-19 20:41:41 | INFO | 9001__copyparty__8c52b8__a96d9a | (5/7) ✅ Generated directory 'nonpassed'.
2026-09-19 20:41:41 | INFO | 9001__copyparty__8c52b8__a96d9a | (6/7) ✅ Archived directory 'current', and rename directory 'tmp' to 'current'.
2026-09-19 20:41:41 | INFO | 9001__copyparty__8c52b8__a96d9a | (7/7) ✅ Updated ineration file.
2026-09-19 20:41:41 | INFO | 9001__copyparty__8c52b8__a96d9a | Reached the exit condition. Archived directory 'current'.
