2026-09-19 19:52:03 | INFO | agronholm__anyio__439951__41647f | ====================task id: agronholm__anyio__439951__41647f====================
2026-09-19 19:52:03 | INFO | agronholm__anyio__439951__41647f | Task metadata:
{'task_id': 'agronholm__anyio__439951__41647f', 'repo_name': 'agronholm/anyio', 'url': 'https://github.com/agronholm/anyio.git', 'licence': 'MIT License', 'current_sha': '439951d9babf7615f0720fd43c93c2a695549bd4', 'target_sha': '41647f4ba7389dc756b0401033af1e3f41ad8a60', 'test_gap': '73', 'image_sha': '31e02148e44843e48dc3b4b3023c6711f1ec5534fad408cd3c9610b1f8d42b8d', 'code_sha': 'b327a713e4956e61b8d3bc6cd8db619379d71b527b389a6d2a99db609ba0a052'}
2026-09-19 19:52:03 | INFO | agronholm__anyio__439951__41647f | Data source: data/agronholm__anyio__439951__41647f
2026-09-19 19:52:03 | INFO | agronholm__anyio__439951__41647f | Task directory: experiments/control_t1-5/agronholm__anyio__439951__41647f
2026-09-19 19:52:03 | INFO | agronholm__anyio__439951__41647f | (0/5) Initializing task directory...
2026-09-19 19:52:12 | INFO | agronholm__anyio__439951__41647f | (1/5) ✅ Extracted the 'current' and 'target' directories.
2026-09-19 19:55:05 | INFO | agronholm__anyio__439951__41647f | (2/5) ✅ Ran pytest in directory 'current'.
2026-09-19 19:56:26 | INFO | agronholm__anyio__439951__41647f | (3/5) ✅ Ran pytest in directory 'target'.
2026-09-19 19:56:27 | INFO | agronholm__anyio__439951__41647f | (4/5) ✅ Generated directory 'nonpassed'.
2026-09-19 19:56:27 | INFO | agronholm__anyio__439951__41647f | (5/5) ✅ Updated iteration file.
2026-09-19 19:56:27 | INFO | agronholm__anyio__439951__41647f | ✅ Initialization Finish.
2026-09-19 20:48:16 | INFO | agronholm__anyio__439951__41647f | Evolve progress: 0 / 5
2026-09-19 20:48:27 | INFO | agronholm__anyio__439951__41647f | ====================Epoch 1====================
2026-09-19 20:48:27 | INFO | agronholm__anyio__439951__41647f | (1/7) ✅ Cleaned up temporary files.
2026-09-19 20:48:58 | INFO | agronholm__anyio__439951__41647f | (2/7) (Attempt 1/3) ✅ The architect agent has generated the requirements.
2026-09-19 20:49:32 | INFO | agronholm__anyio__439951__41647f | (3/7) (Attempt 1/3) ✅ The programmer agent has modified the code.
2026-09-19 20:50:27 | INFO | agronholm__anyio__439951__41647f | (4/7) ✅ Ran pytest in programmer modified code. returncode=1, has_report=True
2026-09-19 20:50:27 | INFO | agronholm__anyio__439951__41647f | (5/7) ✅ Generated directory 'nonpassed'.
2026-09-19 20:50:27 | INFO | agronholm__anyio__439951__41647f | (6/7) ✅ Archived directory 'current', and rename directory 'tmp' to 'current'.
2026-09-19 20:50:27 | INFO | agronholm__anyio__439951__41647f | (7/7) ✅ Updated ineration file.
2026-09-19 20:50:27 | INFO | agronholm__anyio__439951__41647f | ====================Epoch 2====================
2026-09-19 20:50:27 | INFO | agronholm__anyio__439951__41647f | (1/7) ✅ Cleaned up temporary files.
2026-09-19 20:58:56 | INFO | agronholm__anyio__439951__41647f | (2/7) (Attempt 1/3) ✅ The architect agent has generated the requirements.
2026-09-19 20:59:20 | INFO | agronholm__anyio__439951__41647f | (3/7) (Attempt 1/3) ✅ The programmer agent has modified the code.
2026-09-19 21:00:22 | INFO | agronholm__anyio__439951__41647f | (4/7) ✅ Ran pytest in programmer modified code. returncode=1, has_report=True
2026-09-19 21:00:22 | INFO | agronholm__anyio__439951__41647f | (5/7) ✅ Generated directory 'nonpassed'.
2026-09-19 21:00:23 | INFO | agronholm__anyio__439951__41647f | (6/7) ✅ Archived directory 'current', and rename directory 'tmp' to 'current'.
2026-09-19 21:00:23 | INFO | agronholm__anyio__439951__41647f | (7/7) ✅ Updated ineration file.
2026-09-19 21:00:23 | INFO | agronholm__anyio__439951__41647f | ====================Epoch 3====================
2026-09-19 21:00:23 | INFO | agronholm__anyio__439951__41647f | (1/7) ✅ Cleaned up temporary files.
2026-09-19 21:22:30 | ERROR | agronholm__anyio__439951__41647f | (2/7) (Attempt 1/3) ⚠️ Error occurred when calling architect agent: RuntimeError('Calling opencode failed. result.returncode=1stderr: \x1b[0m\n> build · target-model\n\x1b[0m\n\x1b[0m→ \x1b[0mRead non-passed/summary.jsonl\n\x1b[0m✱ \x1b[0mGlob "/app/code/tests/test_to_process.py"\x1b[90m 0 matches\x1b[0m\n\x1b[0m→ \x1b[0mRead code\n\x1b[0m→ \x1b[0mRead code/src\n\x1b[0m→ \x1b[0mRead code/src/anyio\n\x1b[0m→ \x1b[0mRead code/src/anyio/to_process.py\n\x1b[0m→ \x1b[0mRead code/src/anyio/_backends\n\x1b[0m→ \x1b[0mRead code/tests\n\x1b[0m→ \x1b[0mRead code/tests/test_to_process.py\x1b[90m [limit=200]\x1b[0m\n\x1b[0m→ \x1b[0mRead code/tests/test_sockets.py\x1b[90m [limit=200]\x1b[0m\n\x1b[0m→ \x1b[0mRead code/tests/test_subprocesses.py\x1b[90m [limit=200]\x1b[0m\n\x1b[0m→ \x1b[0mRead code/src/anyio/_core/_subprocesses.py\n\x1b[0m→ \x1b[0mRead code/src/anyio/_backends/_asyncio.py\x1b[90m [limit=200]\x1b[0m\n\x1b[0m\n\x1b[0m# \x1b[0mTodos\n[✓] Analyze the root causes of the test failures based on the summary and code inspection\n[•] Filter the most critical requirements according to the priority rules\n\x1b[0m\n\x1b[0m✗ \x1b[0mInvalid Tool\n\n\n...126069 bytes truncated...\n\nThe tool call succeeded but the output was truncated. Full output saved to: /opt/agent/home/.local/share/opencode/tool-output/tool_0bad5fabf001PUF8yKwizEO0S3\nUse the Task tool to have explore agent process this file with Grep and Read (with offset/limit). Do NOT read the full file yourself - delegate to save context.\n\x1b[0m\n\x1b[0m✗ \x1b[0mInvalid Tool\n\n\n...126078 bytes truncated...\n\nThe tool call succeeded but the output was truncated. Full output saved to: /opt/agent/home/.local/share/opencode/tool-output/tool_0bad86862001lWRDH1PN30qMCy\nUse the Task tool to have explore agent process this file with Grep and Read (with offset/limit). Do NOT read the full file yourself - delegate to save context.\n\x1b[0m\n\x1b[0m✗ \x1b[0mInvalid Tool\n\n\n...126080 bytes truncated...\n\nThe tool call succeeded but the output was truncated. Full output saved to: /opt/agent/home/.local/share/opencode/tool-output/tool_0badb0bf30017vG613HwzO6Eqj\nUse the Task tool to have explore agent process this file with Grep and Read (with offset/limit). Do NOT read the full file yourself - delegate to save context.\n\x1b[0m\n\x1b[0m✗ \x1b[0mInvalid Tool\n\n\n...126038 bytes truncated...\n\nThe tool call succeeded but the output was truncated. Full output saved to: /opt/agent/home/.local/share/opencode/tool-output/tool_0badde75e001GkzTx1o9DwSxUA\nUse the Task tool to have explore agent process this file with Grep and Read (with offset/limit). Do NOT read the full file yourself - delegate to save context.\n\x1b[0m\n\x1b[0m✗ \x1b[0mInvalid Tool\n\n\n...126043 bytes truncated...\n\nThe tool call succeeded but the output was truncated. Full output saved to: /opt/agent/home/.local/share/opencode/tool-output/tool_0bae0fa5d00157UrMpCzS8vV7L\nUse the Task tool to have explore agent process this file with Grep and Read (with offset/limit). Do NOT read the full file yourself - delegate to save context.\n\x1b[0m\n\x1b[0m✗ \x1b[0mInvalid Tool\n\n\n...126043 bytes truncated...\n\nThe tool call succeeded but the output was truncated. Full output saved to: /opt/agent/home/.local/share/opencode/tool-output/tool_0bae44643001m2d8Sd9LSs4yhR\nUse the Task tool to have explore agent process this file with Grep and Read (with offset/limit). Do NOT read the full file yourself - delegate to save context.\n\x1b[0m\n\x1b[0m✗ \x1b[0mInvalid Tool\n\n\n...126051 bytes truncated...\n\nThe tool call succeeded but the output was truncated. Full output saved to: /opt/agent/home/.local/share/opencode/tool-output/tool_0bae7cc17001mSqp7wf4ihUrJj\nUse the Task tool to have explore agent process this file with Grep and Read (with offset/limit). Do NOT read the full file yourself - delegate to save context.\n\x1b[0m\n\x1b[91m\x1b[1mError: \x1b[0mThis model\'s maximum context length is 262144 tokens. However, you requested 32000 output tokens and your prompt contains at least 230145 input tokens, for a total of at least 262145 tokens. Please reduce the length of the input prompt or the number of requested output tokens. (parameter=input_tokens, value=230145)\n\x1b[91m\x1b[1mError: \x1b[0mThis model\'s maximum context length is 262144 tokens. However, you requested 32000 output tokens and your prompt contains at least 230145 input tokens, for a total of at least 262145 tokens. Please reduce the length of the input prompt or the number of requested output tokens. (parameter=input_tokens, value=230145)\n')
Traceback (most recent call last):
  File "/Volumes/LACIE SHARE/University/NLP/SWE-CI/src/swe_ci/benchmark/run.py", line 104, in _run_locked
    architect_result = call_cli_agent(
                       ^^^^^^^^^^^^^^^
  File "/Volumes/LACIE SHARE/University/NLP/SWE-CI/src/swe_ci/benchmark/tools.py", line 183, in call_cli_agent
    return agent_func(container_name, prompt, work_dir=work_dir, timeout=timeout)
           ^^^^^^^^^^^^^^^^^^^^^^^^^^^^^^^^^^^^^^^^^^^^^^^^^^^^^^^^^^^^^^^^^^^^^^
  File "/Volumes/LACIE SHARE/University/NLP/SWE-CI/src/swe_ci/benchmark/agents/opencode.py", line 167, in call_opencode
    return valid_and_parse(container_name, result)
           ^^^^^^^^^^^^^^^^^^^^^^^^^^^^^^^^^^^^^^^
  File "/Volumes/LACIE SHARE/University/NLP/SWE-CI/src/swe_ci/benchmark/agents/opencode.py", line 116, in valid_and_parse
    raise RuntimeError(
RuntimeError: Calling opencode failed. result.returncode=1stderr: [0m
> build · target-model
[0m
[0m→ [0mRead non-passed/summary.jsonl
[0m✱ [0mGlob "/app/code/tests/test_to_process.py"[90m 0 matches[0m
[0m→ [0mRead code
[0m→ [0mRead code/src
[0m→ [0mRead code/src/anyio
[0m→ [0mRead code/src/anyio/to_process.py
[0m→ [0mRead code/src/anyio/_backends
[0m→ [0mRead code/tests
[0m→ [0mRead code/tests/test_to_process.py[90m [limit=200][0m
[0m→ [0mRead code/tests/test_sockets.py[90m [limit=200][0m
[0m→ [0mRead code/tests/test_subprocesses.py[90m [limit=200][0m
[0m→ [0mRead code/src/anyio/_core/_subprocesses.py
[0m→ [0mRead code/src/anyio/_backends/_asyncio.py[90m [limit=200][0m
[0m
[0m# [0mTodos
[✓] Analyze the root causes of the test failures based on the summary and code inspection
[•] Filter the most critical requirements according to the priority rules
[0m
[0m✗ [0mInvalid Tool


...126069 bytes truncated...

The tool call succeeded but the output was truncated. Full output saved to: /opt/agent/home/.local/share/opencode/tool-output/tool_0bad5fabf001PUF8yKwizEO0S3
Use the Task tool to have explore agent process this file with Grep and Read (with offset/limit). Do NOT read the full file yourself - delegate to save context.
[0m
[0m✗ [0mInvalid Tool


...126078 bytes truncated...

The tool call succeeded but the output was truncated. Full output saved to: /opt/agent/home/.local/share/opencode/tool-output/tool_0bad86862001lWRDH1PN30qMCy
Use the Task tool to have explore agent process this file with Grep and Read (with offset/limit). Do NOT read the full file yourself - delegate to save context.
[0m
[0m✗ [0mInvalid Tool


...126080 bytes truncated...

The tool call succeeded but the output was truncated. Full output saved to: /opt/agent/home/.local/share/opencode/tool-output/tool_0badb0bf30017vG613HwzO6Eqj
Use the Task tool to have explore agent process this file with Grep and Read (with offset/limit). Do NOT read the full file yourself - delegate to save context.
[0m
[0m✗ [0mInvalid Tool


...126038 bytes truncated...

The tool call succeeded but the output was truncated. Full output saved to: /opt/agent/home/.local/share/opencode/tool-output/tool_0badde75e001GkzTx1o9DwSxUA
Use the Task tool to have explore agent process this file with Grep and Read (with offset/limit). Do NOT read the full file yourself - delegate to save context.
[0m
[0m✗ [0mInvalid Tool


...126043 bytes truncated...

The tool call succeeded but the output was truncated. Full output saved to: /opt/agent/home/.local/share/opencode/tool-output/tool_0bae0fa5d00157UrMpCzS8vV7L
Use the Task tool to have explore agent process this file with Grep and Read (with offset/limit). Do NOT read the full file yourself - delegate to save context.
[0m
[0m✗ [0mInvalid Tool


...126043 bytes truncated...

The tool call succeeded but the output was truncated. Full output saved to: /opt/agent/home/.local/share/opencode/tool-output/tool_0bae44643001m2d8Sd9LSs4yhR
Use the Task tool to have explore agent process this file with Grep and Read (with offset/limit). Do NOT read the full file yourself - delegate to save context.
[0m
[0m✗ [0mInvalid Tool


...126051 bytes truncated...

The tool call succeeded but the output was truncated. Full output saved to: /opt/agent/home/.local/share/opencode/tool-output/tool_0bae7cc17001mSqp7wf4ihUrJj
Use the Task tool to have explore agent process this file with Grep and Read (with offset/limit). Do NOT read the full file yourself - delegate to save context.
[0m
[91m[1mError: [0mThis model's maximum context length is 262144 tokens. However, you requested 32000 output tokens and your prompt contains at least 230145 input tokens, for a total of at least 262145 tokens. Please reduce the length of the input prompt or the number of requested output tokens. (parameter=input_tokens, value=230145)
[91m[1mError: [0mThis model's maximum context length is 262144 tokens. However, you requested 32000 output tokens and your prompt contains at least 230145 input tokens, for a total of at least 262145 tokens. Please reduce the length of the input prompt or the number of requested output tokens. (parameter=input_tokens, value=230145)

2026-09-19 21:33:54 | INFO | agronholm__anyio__439951__41647f | (2/7) (Attempt 2/3) ✅ The architect agent has generated the requirements.
2026-09-19 21:35:02 | INFO | agronholm__anyio__439951__41647f | (3/7) (Attempt 1/3) ✅ The programmer agent has modified the code.
2026-09-19 21:36:03 | INFO | agronholm__anyio__439951__41647f | (4/7) ✅ Ran pytest in programmer modified code. returncode=1, has_report=True
2026-09-19 21:36:04 | INFO | agronholm__anyio__439951__41647f | (5/7) ✅ Generated directory 'nonpassed'.
2026-09-19 21:36:04 | INFO | agronholm__anyio__439951__41647f | (6/7) ✅ Archived directory 'current', and rename directory 'tmp' to 'current'.
2026-09-19 21:36:05 | INFO | agronholm__anyio__439951__41647f | (7/7) ✅ Updated ineration file.
2026-09-19 21:36:05 | INFO | agronholm__anyio__439951__41647f | ====================Epoch 4====================
2026-09-19 21:36:05 | INFO | agronholm__anyio__439951__41647f | (1/7) ✅ Cleaned up temporary files.
2026-09-19 21:36:20 | INFO | agronholm__anyio__439951__41647f | (2/7) (Attempt 1/3) ✅ The architect agent has generated the requirements.
2026-09-19 21:36:41 | INFO | agronholm__anyio__439951__41647f | (3/7) (Attempt 1/3) ✅ The programmer agent has modified the code.
2026-09-19 21:37:42 | INFO | agronholm__anyio__439951__41647f | (4/7) ✅ Ran pytest in programmer modified code. returncode=1, has_report=True
2026-09-19 21:37:42 | INFO | agronholm__anyio__439951__41647f | (5/7) ✅ Generated directory 'nonpassed'.
2026-09-19 21:37:42 | INFO | agronholm__anyio__439951__41647f | (6/7) ✅ Archived directory 'current', and rename directory 'tmp' to 'current'.
2026-09-19 21:37:43 | INFO | agronholm__anyio__439951__41647f | (7/7) ✅ Updated ineration file.
2026-09-19 21:37:43 | INFO | agronholm__anyio__439951__41647f | ====================Epoch 5====================
2026-09-19 21:37:43 | INFO | agronholm__anyio__439951__41647f | (1/7) ✅ Cleaned up temporary files.
2026-09-19 21:38:26 | INFO | agronholm__anyio__439951__41647f | (2/7) (Attempt 1/3) ✅ The architect agent has generated the requirements.
2026-09-19 21:38:56 | INFO | agronholm__anyio__439951__41647f | (3/7) (Attempt 1/3) ✅ The programmer agent has modified the code.
2026-09-19 21:39:58 | INFO | agronholm__anyio__439951__41647f | (4/7) ✅ Ran pytest in programmer modified code. returncode=1, has_report=True
2026-09-19 21:39:59 | INFO | agronholm__anyio__439951__41647f | (5/7) ✅ Generated directory 'nonpassed'.
2026-09-19 21:39:59 | INFO | agronholm__anyio__439951__41647f | (6/7) ✅ Archived directory 'current', and rename directory 'tmp' to 'current'.
2026-09-19 21:39:59 | INFO | agronholm__anyio__439951__41647f | (7/7) ✅ Updated ineration file.
2026-09-19 21:39:59 | INFO | agronholm__anyio__439951__41647f | Reached the exit condition. Archived directory 'current'.
