2026-09-19 21:51:47 | INFO | 9001__copyparty__8c52b8__a96d9a | ====================task id: 9001__copyparty__8c52b8__a96d9a====================
2026-09-19 21:51:47 | INFO | 9001__copyparty__8c52b8__a96d9a | Task metadata:
{'task_id': '9001__copyparty__8c52b8__a96d9a', 'repo_name': '9001/copyparty', 'url': 'https://github.com/9001/copyparty.git', 'licence': 'MIT License', 'current_sha': '8c52b887672f3153e31e78db4ab9e24c3081db74', 'target_sha': 'a96d9ac6cb168e77a9cee6523d02d4fea3c563bf', 'test_gap': '7', 'image_sha': 'fcbb328dec5d674b9f89ea61811d3c07332b63975620c8f3bfaffa1405138ca2', 'code_sha': '48189eb1abcdcc8564ba72f0d413ec907bd8f96c4fc97dd53c926b15ed9e049b'}
2026-09-19 21:51:47 | INFO | 9001__copyparty__8c52b8__a96d9a | Data source: data/9001__copyparty__8c52b8__a96d9a
2026-09-19 21:51:47 | INFO | 9001__copyparty__8c52b8__a96d9a | Task directory: experiments/foresight_t1-5/9001__copyparty__8c52b8__a96d9a
2026-09-19 21:51:47 | INFO | 9001__copyparty__8c52b8__a96d9a | (0/5) Initializing task directory...
2026-09-19 21:52:22 | INFO | 9001__copyparty__8c52b8__a96d9a | (1/5) ✅ Extracted the 'current' and 'target' directories.
2026-09-19 21:52:38 | INFO | 9001__copyparty__8c52b8__a96d9a | (2/5) ✅ Ran pytest in directory 'current'.
2026-09-19 21:52:55 | INFO | 9001__copyparty__8c52b8__a96d9a | (3/5) ✅ Ran pytest in directory 'target'.
2026-09-19 21:52:55 | INFO | 9001__copyparty__8c52b8__a96d9a | (4/5) ✅ Generated directory 'nonpassed'.
2026-09-19 21:52:55 | INFO | 9001__copyparty__8c52b8__a96d9a | (5/5) ✅ Updated iteration file.
2026-09-19 21:52:55 | INFO | 9001__copyparty__8c52b8__a96d9a | ✅ Initialization Finish.
2026-09-19 22:35:06 | INFO | 9001__copyparty__8c52b8__a96d9a | Evolve progress: 0 / 5
2026-09-19 22:35:16 | INFO | 9001__copyparty__8c52b8__a96d9a | ====================Epoch 1====================
2026-09-19 22:35:16 | INFO | 9001__copyparty__8c52b8__a96d9a | (1/7) ✅ Cleaned up temporary files.
2026-09-19 22:35:56 | INFO | 9001__copyparty__8c52b8__a96d9a | (2/7) (Attempt 1/3) ✅ The architect agent has generated the requirements.
2026-09-19 22:37:39 | INFO | 9001__copyparty__8c52b8__a96d9a | (3/7) (Attempt 1/3) ✅ The programmer agent has modified the code.
2026-09-19 22:37:46 | INFO | 9001__copyparty__8c52b8__a96d9a | (4/7) ✅ Ran pytest in programmer modified code. returncode=1, has_report=True
2026-09-19 22:37:46 | INFO | 9001__copyparty__8c52b8__a96d9a | (5/7) ✅ Generated directory 'nonpassed'.
2026-09-19 22:37:46 | INFO | 9001__copyparty__8c52b8__a96d9a | (6/7) ✅ Archived directory 'current', and rename directory 'tmp' to 'current'.
2026-09-19 22:37:46 | INFO | 9001__copyparty__8c52b8__a96d9a | (7/7) ✅ Updated ineration file.
2026-09-19 22:37:46 | INFO | 9001__copyparty__8c52b8__a96d9a | ====================Epoch 2====================
2026-09-19 22:37:46 | INFO | 9001__copyparty__8c52b8__a96d9a | (1/7) ✅ Cleaned up temporary files.
2026-09-19 22:38:14 | INFO | 9001__copyparty__8c52b8__a96d9a | (2/7) (Attempt 1/3) ✅ The architect agent has generated the requirements.
2026-09-19 22:39:19 | INFO | 9001__copyparty__8c52b8__a96d9a | (3/7) (Attempt 1/3) ✅ The programmer agent has modified the code.
2026-09-19 22:39:25 | INFO | 9001__copyparty__8c52b8__a96d9a | (4/7) ✅ Ran pytest in programmer modified code. returncode=1, has_report=True
2026-09-19 22:39:25 | INFO | 9001__copyparty__8c52b8__a96d9a | (5/7) ✅ Generated directory 'nonpassed'.
2026-09-19 22:39:26 | INFO | 9001__copyparty__8c52b8__a96d9a | (6/7) ✅ Archived directory 'current', and rename directory 'tmp' to 'current'.
2026-09-19 22:39:26 | INFO | 9001__copyparty__8c52b8__a96d9a | (7/7) ✅ Updated ineration file.
2026-09-19 22:39:26 | INFO | 9001__copyparty__8c52b8__a96d9a | ====================Epoch 3====================
2026-09-19 22:39:26 | INFO | 9001__copyparty__8c52b8__a96d9a | (1/7) ✅ Cleaned up temporary files.
2026-09-19 22:39:55 | INFO | 9001__copyparty__8c52b8__a96d9a | (2/7) (Attempt 1/3) ✅ The architect agent has generated the requirements.
2026-09-19 22:42:44 | INFO | 9001__copyparty__8c52b8__a96d9a | (3/7) (Attempt 1/3) ✅ The programmer agent has modified the code.
2026-09-19 22:42:51 | INFO | 9001__copyparty__8c52b8__a96d9a | (4/7) ✅ Ran pytest in programmer modified code. returncode=1, has_report=True
2026-09-19 22:42:51 | INFO | 9001__copyparty__8c52b8__a96d9a | (5/7) ✅ Generated directory 'nonpassed'.
2026-09-19 22:42:51 | INFO | 9001__copyparty__8c52b8__a96d9a | (6/7) ✅ Archived directory 'current', and rename directory 'tmp' to 'current'.
2026-09-19 22:42:51 | INFO | 9001__copyparty__8c52b8__a96d9a | (7/7) ✅ Updated ineration file.
2026-09-19 22:42:51 | INFO | 9001__copyparty__8c52b8__a96d9a | ====================Epoch 4====================
2026-09-19 22:42:51 | INFO | 9001__copyparty__8c52b8__a96d9a | (1/7) ✅ Cleaned up temporary files.
2026-09-19 22:43:23 | INFO | 9001__copyparty__8c52b8__a96d9a | (2/7) (Attempt 1/3) ✅ The architect agent has generated the requirements.
2026-09-19 22:45:37 | INFO | 9001__copyparty__8c52b8__a96d9a | (3/7) (Attempt 1/3) ✅ The programmer agent has modified the code.
2026-09-19 22:45:43 | INFO | 9001__copyparty__8c52b8__a96d9a | (4/7) ✅ Ran pytest in programmer modified code. returncode=1, has_report=True
2026-09-19 22:45:44 | INFO | 9001__copyparty__8c52b8__a96d9a | (5/7) ✅ Generated directory 'nonpassed'.
2026-09-19 22:45:44 | INFO | 9001__copyparty__8c52b8__a96d9a | (6/7) ✅ Archived directory 'current', and rename directory 'tmp' to 'current'.
2026-09-19 22:45:44 | INFO | 9001__copyparty__8c52b8__a96d9a | (7/7) ✅ Updated ineration file.
2026-09-19 22:45:44 | INFO | 9001__copyparty__8c52b8__a96d9a | ====================Epoch 5====================
2026-09-19 22:45:44 | INFO | 9001__copyparty__8c52b8__a96d9a | (1/7) ✅ Cleaned up temporary files.
2026-09-19 22:46:19 | INFO | 9001__copyparty__8c52b8__a96d9a | (2/7) (Attempt 1/3) ✅ The architect agent has generated the requirements.
2026-09-19 22:47:50 | INFO | 9001__copyparty__8c52b8__a96d9a | (3/7) (Attempt 1/3) ✅ The programmer agent has modified the code.
2026-09-19 22:47:55 | WARNING | 9001__copyparty__8c52b8__a96d9a | (4/7) ⚠️ pytest was not executed correctly. returncode=2, has_report=True
2026-09-19 22:47:55 | INFO | 9001__copyparty__8c52b8__a96d9a | (5/7) ✅ Skip this step.
2026-09-19 22:47:55 | INFO | 9001__copyparty__8c52b8__a96d9a | (6/7) ✅ Archived directory 'tmp'.
2026-09-19 22:47:55 | INFO | 9001__copyparty__8c52b8__a96d9a | (7/7) ✅ Updated ineration file.
2026-09-19 22:47:55 | INFO | 9001__copyparty__8c52b8__a96d9a | Reached the exit condition. Archived directory 'current'.
