2026-09-19 21:50:25 | INFO | 9001__copyparty__452592__4bdcbc | ====================task id: 9001__copyparty__452592__4bdcbc====================
2026-09-19 21:50:25 | INFO | 9001__copyparty__452592__4bdcbc | Task metadata:
{'task_id': '9001__copyparty__452592__4bdcbc', 'repo_name': '9001/copyparty', 'url': 'https://github.com/9001/copyparty.git', 'licence': 'MIT License', 'current_sha': '452592519d9047472eb77b91e04f804edeedab1c', 'target_sha': '4bdcbc1cb5cf1a344950425337e262a453a1c3e9', 'test_gap': '16', 'image_sha': 'cb3a36e2e547e31c66af2c0990b3759bb0fe24b3b7c5a927c050b506f1246e3d', 'code_sha': '48189eb1abcdcc8564ba72f0d413ec907bd8f96c4fc97dd53c926b15ed9e049b'}
2026-09-19 21:50:25 | INFO | 9001__copyparty__452592__4bdcbc | Data source: data/9001__copyparty__452592__4bdcbc
2026-09-19 21:50:25 | INFO | 9001__copyparty__452592__4bdcbc | Task directory: experiments/foresight_t1-5/9001__copyparty__452592__4bdcbc
2026-09-19 21:50:25 | INFO | 9001__copyparty__452592__4bdcbc | (0/5) Initializing task directory...
2026-09-19 21:50:55 | INFO | 9001__copyparty__452592__4bdcbc | (1/5) ✅ Extracted the 'current' and 'target' directories.
2026-09-19 21:51:13 | INFO | 9001__copyparty__452592__4bdcbc | (2/5) ✅ Ran pytest in directory 'current'.
2026-09-19 21:51:47 | INFO | 9001__copyparty__452592__4bdcbc | (3/5) ✅ Ran pytest in directory 'target'.
2026-09-19 21:51:47 | INFO | 9001__copyparty__452592__4bdcbc | (4/5) ✅ Generated directory 'nonpassed'.
2026-09-19 21:51:47 | INFO | 9001__copyparty__452592__4bdcbc | (5/5) ✅ Updated iteration file.
2026-09-19 21:51:47 | INFO | 9001__copyparty__452592__4bdcbc | ✅ Initialization Finish.
2026-09-19 22:26:24 | INFO | 9001__copyparty__452592__4bdcbc | Evolve progress: 0 / 5
2026-09-19 22:26:34 | INFO | 9001__copyparty__452592__4bdcbc | ====================Epoch 1====================
2026-09-19 22:26:34 | INFO | 9001__copyparty__452592__4bdcbc | (1/7) ✅ Cleaned up temporary files.
2026-09-19 22:27:15 | INFO | 9001__copyparty__452592__4bdcbc | (2/7) (Attempt 1/3) ✅ The architect agent has generated the requirements.
2026-09-19 22:27:59 | INFO | 9001__copyparty__452592__4bdcbc | (3/7) (Attempt 1/3) ✅ The programmer agent has modified the code.
2026-09-19 22:28:05 | INFO | 9001__copyparty__452592__4bdcbc | (4/7) ✅ Ran pytest in programmer modified code. returncode=1, has_report=True
2026-09-19 22:28:06 | INFO | 9001__copyparty__452592__4bdcbc | (5/7) ✅ Generated directory 'nonpassed'.
2026-09-19 22:28:06 | INFO | 9001__copyparty__452592__4bdcbc | (6/7) ✅ Archived directory 'current', and rename directory 'tmp' to 'current'.
2026-09-19 22:28:06 | INFO | 9001__copyparty__452592__4bdcbc | (7/7) ✅ Updated ineration file.
2026-09-19 22:28:06 | INFO | 9001__copyparty__452592__4bdcbc | ====================Epoch 2====================
2026-09-19 22:28:06 | INFO | 9001__copyparty__452592__4bdcbc | (1/7) ✅ Cleaned up temporary files.
2026-09-19 22:28:36 | INFO | 9001__copyparty__452592__4bdcbc | (2/7) (Attempt 1/3) ✅ The architect agent has generated the requirements.
2026-09-19 22:29:25 | INFO | 9001__copyparty__452592__4bdcbc | (3/7) (Attempt 1/3) ✅ The programmer agent has modified the code.
2026-09-19 22:29:43 | INFO | 9001__copyparty__452592__4bdcbc | (4/7) ✅ Ran pytest in programmer modified code. returncode=1, has_report=True
2026-09-19 22:29:44 | INFO | 9001__copyparty__452592__4bdcbc | (5/7) ✅ Generated directory 'nonpassed'.
2026-09-19 22:29:44 | INFO | 9001__copyparty__452592__4bdcbc | (6/7) ✅ Archived directory 'current', and rename directory 'tmp' to 'current'.
2026-09-19 22:29:44 | INFO | 9001__copyparty__452592__4bdcbc | (7/7) ✅ Updated ineration file.
2026-09-19 22:29:44 | INFO | 9001__copyparty__452592__4bdcbc | ====================Epoch 3====================
2026-09-19 22:29:44 | INFO | 9001__copyparty__452592__4bdcbc | (1/7) ✅ Cleaned up temporary files.
2026-09-19 22:30:25 | INFO | 9001__copyparty__452592__4bdcbc | (2/7) (Attempt 1/3) ✅ The architect agent has generated the requirements.
2026-09-19 22:30:57 | INFO | 9001__copyparty__452592__4bdcbc | (3/7) (Attempt 1/3) ✅ The programmer agent has modified the code.
2026-09-19 22:31:14 | INFO | 9001__copyparty__452592__4bdcbc | (4/7) ✅ Ran pytest in programmer modified code. returncode=1, has_report=True
2026-09-19 22:31:15 | INFO | 9001__copyparty__452592__4bdcbc | (5/7) ✅ Generated directory 'nonpassed'.
2026-09-19 22:31:15 | INFO | 9001__copyparty__452592__4bdcbc | (6/7) ✅ Archived directory 'current', and rename directory 'tmp' to 'current'.
2026-09-19 22:31:15 | INFO | 9001__copyparty__452592__4bdcbc | (7/7) ✅ Updated ineration file.
2026-09-19 22:31:15 | INFO | 9001__copyparty__452592__4bdcbc | ====================Epoch 4====================
2026-09-19 22:31:15 | INFO | 9001__copyparty__452592__4bdcbc | (1/7) ✅ Cleaned up temporary files.
2026-09-19 22:31:43 | INFO | 9001__copyparty__452592__4bdcbc | (2/7) (Attempt 1/3) ✅ The architect agent has generated the requirements.
2026-09-19 22:32:30 | INFO | 9001__copyparty__452592__4bdcbc | (3/7) (Attempt 1/3) ✅ The programmer agent has modified the code.
2026-09-19 22:32:48 | INFO | 9001__copyparty__452592__4bdcbc | (4/7) ✅ Ran pytest in programmer modified code. returncode=1, has_report=True
2026-09-19 22:32:49 | INFO | 9001__copyparty__452592__4bdcbc | (5/7) ✅ Generated directory 'nonpassed'.
2026-09-19 22:32:49 | INFO | 9001__copyparty__452592__4bdcbc | (6/7) ✅ Archived directory 'current', and rename directory 'tmp' to 'current'.
2026-09-19 22:32:49 | INFO | 9001__copyparty__452592__4bdcbc | (7/7) ✅ Updated ineration file.
2026-09-19 22:32:49 | INFO | 9001__copyparty__452592__4bdcbc | ====================Epoch 5====================
2026-09-19 22:32:49 | INFO | 9001__copyparty__452592__4bdcbc | (1/7) ✅ Cleaned up temporary files.
2026-09-19 22:33:19 | INFO | 9001__copyparty__452592__4bdcbc | (2/7) (Attempt 1/3) ✅ The architect agent has generated the requirements.
2026-09-19 22:34:57 | INFO | 9001__copyparty__452592__4bdcbc | (3/7) (Attempt 1/3) ✅ The programmer agent has modified the code.
2026-09-19 22:35:05 | INFO | 9001__copyparty__452592__4bdcbc | (4/7) ✅ Ran pytest in programmer modified code. returncode=1, has_report=True
2026-09-19 22:35:06 | INFO | 9001__copyparty__452592__4bdcbc | (5/7) ✅ Generated directory 'nonpassed'.
2026-09-19 22:35:06 | INFO | 9001__copyparty__452592__4bdcbc | (6/7) ✅ Archived directory 'current', and rename directory 'tmp' to 'current'.
2026-09-19 22:35:06 | INFO | 9001__copyparty__452592__4bdcbc | (7/7) ✅ Updated ineration file.
2026-09-19 22:35:06 | INFO | 9001__copyparty__452592__4bdcbc | Reached the exit condition. Archived directory 'current'.
